// Jest Snapshot v1, https://goo.gl/fbAQLP

exports[`RoundButton snapShot 1`] = `
<View
  style={
    Array [
      Object {
        "alignItems": "center",
        "borderRadius": 62,
        "borderWidth": 2,
        "height": 105,
        "justifyContent": "center",
        "width": 105,
      },
      Object {
        "borderColor": "#FFF",
      },
    ]
  }
>
  <View
    accessible={true}
    focusable={true}
    isTVSelectable={true}
    onClick={[Function]}
    onResponderGrant={[Function]}
    onResponderMove={[Function]}
    onResponderRelease={[Function]}
    onResponderTerminate={[Function]}
    onResponderTerminationRequest={[Function]}
    onStartShouldSetResponder={[Function]}
    style={
      Object {
        "alignItems": "center",
        "backgroundColor": "#000",
        "borderRadius": 60,
        "height": 100,
        "justifyContent": "center",
        "opacity": 1,
        "width": 100,
      }
    }
  >
    <Text
      style={
        Array [
          Object {
            "color": "#ffffff",
            "fontSize": 16,
            "textAlign": "center",
          },
          Object {
            "color": "#FFF",
          },
        ]
      }
    >
      Test
    </Text>
  </View>
</View>
`;
